// Jest Snapshot v1, https://goo.gl/fbAQLP

exports[`Card should match the snapshot 1`] = `
ShallowWrapper {
  "length": 1,
  Symbol(enzyme.__root__): [Circular],
  Symbol(enzyme.__unrendered__): <Unknown
    addFavorite={[Function]}
    favorites={Array []}
    movieInfo={
        Array [
            Object {
              "movie_id": "284054",
              "overview": "King T'Challa returns home from America to the reclusive, technologically advanced African nation of Wakanda to serve as his country's new leader. However, T'Challa soon finds that he is challenged for the throne by factions within his own country as well as without.  Using powers reserved to Wakandan kings, T'Challa assumes the Black Panther mantel to join with girlfriend Nakia, the queen-mother, his princess-kid sister,  members of the Dora Milaje (the Wakandan 'special forces'), and an American secret agent, to prevent Wakanda from being dragged into a world war.",
              "poster_path": "/uxzzxijgPIY7slzFvMotPv8wjKA.jpg",
              "release_date": "2018-02-13",
              "title": "Black Panther",
              "vote_average": "7.4",
            },
          ]
    }
    removeFavorite={[Function]}
    user={
        Object {
            "id": 4,
            "name": "mud",
          }
    }
/>,
  Symbol(enzyme.__renderer__): Object {
    "batchedUpdates": [Function],
    "getNode": [Function],
    "render": [Function],
    "simulateEvent": [Function],
    "unmount": [Function],
  },
  Symbol(enzyme.__node__): Object {
    "instance": null,
    "key": undefined,
    "nodeType": "host",
    "props": Object {
      "children": Array [
        <img
          alt="movie poster"
          className="tile__img"
          src="https://image.tmdb.org/t/p/w500/undefined"
/>,
        <div
          className="card-details"
>
          <h2 />
          <textarea
                    className="tile__title"
          />
          <button
                    className="undefined"
                    onClick={[Function]}
          >
                    favorite
          </button>
</div>,
      ],
      "className": "tile",
    },
    "ref": null,
    "rendered": Array [
      Object {
        "instance": null,
        "key": undefined,
        "nodeType": "host",
        "props": Object {
          "alt": "movie poster",
          "className": "tile__img",
          "src": "https://image.tmdb.org/t/p/w500/undefined",
        },
        "ref": null,
        "rendered": null,
        "type": "img",
      },
      Object {
        "instance": null,
        "key": undefined,
        "nodeType": "host",
        "props": Object {
          "children": Array [
            <h2 />,
            <textarea
              className="tile__title"
/>,
            <button
              className="undefined"
              onClick={[Function]}
>
              favorite
</button>,
          ],
          "className": "card-details",
        },
        "ref": null,
        "rendered": Array [
          Object {
            "instance": null,
            "key": undefined,
            "nodeType": "host",
            "props": Object {
              "children": undefined,
            },
            "ref": null,
            "rendered": null,
            "type": "h2",
          },
          Object {
            "instance": null,
            "key": undefined,
            "nodeType": "host",
            "props": Object {
              "children": undefined,
              "className": "tile__title",
            },
            "ref": null,
            "rendered": null,
            "type": "textarea",
          },
          Object {
            "instance": null,
            "key": undefined,
            "nodeType": "host",
            "props": Object {
              "children": "favorite",
              "className": "undefined",
              "onClick": [Function],
            },
            "ref": null,
            "rendered": "favorite",
            "type": "button",
          },
        ],
        "type": "div",
      },
    ],
    "type": "div",
  },
  Symbol(enzyme.__nodes__): Array [
    Object {
      "instance": null,
      "key": undefined,
      "nodeType": "host",
      "props": Object {
        "children": Array [
          <img
            alt="movie poster"
            className="tile__img"
            src="https://image.tmdb.org/t/p/w500/undefined"
/>,
          <div
            className="card-details"
>
            <h2 />
            <textarea
                        className="tile__title"
            />
            <button
                        className="undefined"
                        onClick={[Function]}
            >
                        favorite
            </button>
</div>,
        ],
        "className": "tile",
      },
      "ref": null,
      "rendered": Array [
        Object {
          "instance": null,
          "key": undefined,
          "nodeType": "host",
          "props": Object {
            "alt": "movie poster",
            "className": "tile__img",
            "src": "https://image.tmdb.org/t/p/w500/undefined",
          },
          "ref": null,
          "rendered": null,
          "type": "img",
        },
        Object {
          "instance": null,
          "key": undefined,
          "nodeType": "host",
          "props": Object {
            "children": Array [
              <h2 />,
              <textarea
                className="tile__title"
/>,
              <button
                className="undefined"
                onClick={[Function]}
>
                favorite
</button>,
            ],
            "className": "card-details",
          },
          "ref": null,
          "rendered": Array [
            Object {
              "instance": null,
              "key": undefined,
              "nodeType": "host",
              "props": Object {
                "children": undefined,
              },
              "ref": null,
              "rendered": null,
              "type": "h2",
            },
            Object {
              "instance": null,
              "key": undefined,
              "nodeType": "host",
              "props": Object {
                "children": undefined,
                "className": "tile__title",
              },
              "ref": null,
              "rendered": null,
              "type": "textarea",
            },
            Object {
              "instance": null,
              "key": undefined,
              "nodeType": "host",
              "props": Object {
                "children": "favorite",
                "className": "undefined",
                "onClick": [Function],
              },
              "ref": null,
              "rendered": "favorite",
              "type": "button",
            },
          ],
          "type": "div",
        },
      ],
      "type": "div",
    },
  ],
  Symbol(enzyme.__options__): Object {
    "adapter": ReactSixteenAdapter {
      "options": Object {
        "enableComponentDidUpdateOnSetState": true,
      },
    },
  },
}
`;
